// Jest Snapshot v1, https://goo.gl/fbAQLP

exports[`components > UserList should match the snapshot with data from redux 1`] = `
<DocumentFragment>
  <h1
    class="ant-typography title css-dev-only-do-not-override-1vjf2v5"
  >
    Users
  </h1>
  <div
    class="ant-collapse ant-collapse-icon-position-start css-dev-only-do-not-override-1vjf2v5"
    role="tablist"
    style="width: 800px;"
  >
    <div
      class="ant-collapse-item"
    >
      <div
        aria-disabled="false"
        aria-expanded="false"
        class="ant-collapse-header"
        role="tab"
        tabindex="0"
      >
        <div
          class="ant-collapse-expand-icon"
        >
          <span
            aria-label="collapsed"
            class="anticon anticon-right ant-collapse-arrow"
            role="img"
          >
            <svg
              aria-hidden="true"
              data-icon="right"
              fill="currentColor"
              focusable="false"
              height="1em"
              viewBox="64 64 896 896"
              width="1em"
            >
              <path
                d="M765.7 486.8L314.9 134.7A7.97 7.97 0 00302 141v77.3c0 4.9 2.3 9.6 6.1 12.6l360 281.1-360 281.1c-3.9 3-6.1 7.7-6.1 12.6V883c0 6.7 7.7 10.4 12.9 6.3l450.8-352.1a31.96 31.96 0 000-50.4z"
              />
            </svg>
          </span>
        </div>
        <span
          class="ant-collapse-header-text"
        >
          Leanne Graham
        </span>
      </div>
    </div>
    <div
      class="ant-collapse-item"
    >
      <div
        aria-disabled="false"
        aria-expanded="false"
        class="ant-collapse-header"
        role="tab"
        tabindex="0"
      >
        <div
          class="ant-collapse-expand-icon"
        >
          <span
            aria-label="collapsed"
            class="anticon anticon-right ant-collapse-arrow"
            role="img"
          >
            <svg
              aria-hidden="true"
              data-icon="right"
              fill="currentColor"
              focusable="false"
              height="1em"
              viewBox="64 64 896 896"
              width="1em"
            >
              <path
                d="M765.7 486.8L314.9 134.7A7.97 7.97 0 00302 141v77.3c0 4.9 2.3 9.6 6.1 12.6l360 281.1-360 281.1c-3.9 3-6.1 7.7-6.1 12.6V883c0 6.7 7.7 10.4 12.9 6.3l450.8-352.1a31.96 31.96 0 000-50.4z"
              />
            </svg>
          </span>
        </div>
        <span
          class="ant-collapse-header-text"
        >
          TEst User
        </span>
      </div>
    </div>
  </div>
</DocumentFragment>
`;

exports[`components > UserList should match the snapshot with no data 1`] = `
<DocumentFragment>
  <h1
    class="ant-typography title css-dev-only-do-not-override-1vjf2v5"
  >
    Users
  </h1>
  <div
    class="ant-collapse ant-collapse-icon-position-start css-dev-only-do-not-override-1vjf2v5"
    role="tablist"
    style="width: 800px;"
  >
    <div
      class="ant-collapse-item"
    >
      <div
        aria-disabled="false"
        aria-expanded="false"
        class="ant-collapse-header"
        role="tab"
        tabindex="0"
      >
        <div
          class="ant-collapse-expand-icon"
        >
          <span
            aria-label="collapsed"
            class="anticon anticon-right ant-collapse-arrow"
            role="img"
          >
            <svg
              aria-hidden="true"
              data-icon="right"
              fill="currentColor"
              focusable="false"
              height="1em"
              viewBox="64 64 896 896"
              width="1em"
            >
              <path
                d="M765.7 486.8L314.9 134.7A7.97 7.97 0 00302 141v77.3c0 4.9 2.3 9.6 6.1 12.6l360 281.1-360 281.1c-3.9 3-6.1 7.7-6.1 12.6V883c0 6.7 7.7 10.4 12.9 6.3l450.8-352.1a31.96 31.96 0 000-50.4z"
              />
            </svg>
          </span>
        </div>
        <span
          class="ant-collapse-header-text"
        >
          Leanne Graham
        </span>
      </div>
    </div>
    <div
      class="ant-collapse-item"
    >
      <div
        aria-disabled="false"
        aria-expanded="false"
        class="ant-collapse-header"
        role="tab"
        tabindex="0"
      >
        <div
          class="ant-collapse-expand-icon"
        >
          <span
            aria-label="collapsed"
            class="anticon anticon-right ant-collapse-arrow"
            role="img"
          >
            <svg
              aria-hidden="true"
              data-icon="right"
              fill="currentColor"
              focusable="false"
              height="1em"
              viewBox="64 64 896 896"
              width="1em"
            >
              <path
                d="M765.7 486.8L314.9 134.7A7.97 7.97 0 00302 141v77.3c0 4.9 2.3 9.6 6.1 12.6l360 281.1-360 281.1c-3.9 3-6.1 7.7-6.1 12.6V883c0 6.7 7.7 10.4 12.9 6.3l450.8-352.1a31.96 31.96 0 000-50.4z"
              />
            </svg>
          </span>
        </div>
        <span
          class="ant-collapse-header-text"
        >
          TEst User
        </span>
      </div>
    </div>
  </div>
</DocumentFragment>
`;
